// Jest Snapshot v1, https://goo.gl/fbAQLP

exports[`RegisterSuccess components should render <RegisterSuccess /> correctly 1`] = `ShallowWrapper {}`;
