// Jest Snapshot v1, https://goo.gl/fbAQLP

exports[`Nav components should render Nav correctly 1`] = `ShallowWrapper {}`;
