// Jest Snapshot v1, https://goo.gl/fbAQLP

exports[`LoginApp components should render <PasswordResetApp /> correctly 1`] = `ShallowWrapper {}`;
