// Jest Snapshot v1, https://goo.gl/fbAQLP

exports[`Nav components should render <Nav /> correctly 1`] = `
ShallowWrapper {
  Symbol(enzyme.__root__): [Circular],
  Symbol(enzyme.__unrendered__): <Navigation />,
  Symbol(enzyme.__renderer__): Object {
    "batchedUpdates": [Function],
    "getNode": [Function],
    "render": [Function],
    "simulateEvent": [Function],
    "unmount": [Function],
  },
  Symbol(enzyme.__node__): Object {
    "instance": null,
    "key": undefined,
    "nodeType": "host",
    "props": Object {
      "children": <div
        className="navigationLink"
      >
        <h3>
           Log in 
        </h3>
        <span>
          Don't have an NICE Account?
        </span>
        <Link
          activeClassName="activeRoute"
          data-qa-sel="Signin-link-login"
          onlyActiveOnIndex={false}
          style={Object {}}
          to="/register"
        >
          Sign up
        </Link>
      </div>,
      "className": "navigation",
    },
    "ref": null,
    "rendered": Object {
      "instance": null,
      "key": undefined,
      "nodeType": "host",
      "props": Object {
        "children": Array [
          <h3>
             Log in 
          </h3>,
          <span>
            Don't have an NICE Account?
          </span>,
          <Link
            activeClassName="activeRoute"
            data-qa-sel="Signin-link-login"
            onlyActiveOnIndex={false}
            style={Object {}}
            to="/register"
          >
            Sign up
          </Link>,
        ],
        "className": "navigationLink",
      },
      "ref": null,
      "rendered": Array [
        Object {
          "instance": null,
          "key": undefined,
          "nodeType": "host",
          "props": Object {
            "children": " Log in ",
          },
          "ref": null,
          "rendered": " Log in ",
          "type": "h3",
        },
        Object {
          "instance": null,
          "key": undefined,
          "nodeType": "host",
          "props": Object {
            "children": "Don't have an NICE Account?",
          },
          "ref": null,
          "rendered": "Don't have an NICE Account?",
          "type": "span",
        },
        Object {
          "instance": null,
          "key": undefined,
          "nodeType": "class",
          "props": Object {
            "activeClassName": "activeRoute",
            "children": "Sign up",
            "data-qa-sel": "Signin-link-login",
            "onlyActiveOnIndex": false,
            "style": Object {},
            "to": "/register",
          },
          "ref": null,
          "rendered": "Sign up",
          "type": [Function],
        },
      ],
      "type": "div",
    },
    "type": "div",
  },
  Symbol(enzyme.__nodes__): Array [
    Object {
      "instance": null,
      "key": undefined,
      "nodeType": "host",
      "props": Object {
        "children": <div
          className="navigationLink"
        >
          <h3>
             Log in 
          </h3>
          <span>
            Don't have an NICE Account?
          </span>
          <Link
            activeClassName="activeRoute"
            data-qa-sel="Signin-link-login"
            onlyActiveOnIndex={false}
            style={Object {}}
            to="/register"
          >
            Sign up
          </Link>
        </div>,
        "className": "navigation",
      },
      "ref": null,
      "rendered": Object {
        "instance": null,
        "key": undefined,
        "nodeType": "host",
        "props": Object {
          "children": Array [
            <h3>
               Log in 
            </h3>,
            <span>
              Don't have an NICE Account?
            </span>,
            <Link
              activeClassName="activeRoute"
              data-qa-sel="Signin-link-login"
              onlyActiveOnIndex={false}
              style={Object {}}
              to="/register"
            >
              Sign up
            </Link>,
          ],
          "className": "navigationLink",
        },
        "ref": null,
        "rendered": Array [
          Object {
            "instance": null,
            "key": undefined,
            "nodeType": "host",
            "props": Object {
              "children": " Log in ",
            },
            "ref": null,
            "rendered": " Log in ",
            "type": "h3",
          },
          Object {
            "instance": null,
            "key": undefined,
            "nodeType": "host",
            "props": Object {
              "children": "Don't have an NICE Account?",
            },
            "ref": null,
            "rendered": "Don't have an NICE Account?",
            "type": "span",
          },
          Object {
            "instance": null,
            "key": undefined,
            "nodeType": "class",
            "props": Object {
              "activeClassName": "activeRoute",
              "children": "Sign up",
              "data-qa-sel": "Signin-link-login",
              "onlyActiveOnIndex": false,
              "style": Object {},
              "to": "/register",
            },
            "ref": null,
            "rendered": "Sign up",
            "type": [Function],
          },
        ],
        "type": "div",
      },
      "type": "div",
    },
  ],
  Symbol(enzyme.__options__): Object {
    "adapter": ReactFourteenAdapter {
      "options": Object {
        "legacyContextMode": "parent",
        "lifecycles": Object {
          "componentDidUpdate": Object {
            "prevContext": true,
          },
          "getChildContext": Object {
            "calledByRenderer": true,
          },
        },
        "supportPrevContextArgumentOfComponentDidUpdate": true,
      },
    },
  },
}
`;
