// Jest Snapshot v1, https://goo.gl/fbAQLP

exports[`NotFound components should render NotFound correctly 1`] = `ShallowWrapper {}`;
