// Jest Snapshot v1, https://goo.gl/fbAQLP

exports[`LoginApp components should render <LoginApp /> correctly 1`] = `ShallowWrapper {}`;
