// Jest Snapshot v1, https://goo.gl/fbAQLP

exports[`Header components should render <Header /> correctly 1`] = `
ShallowWrapper {
  Symbol(enzyme.__root__): [Circular],
  Symbol(enzyme.__unrendered__): <Header />,
  Symbol(enzyme.__renderer__): Object {
    "batchedUpdates": [Function],
    "getNode": [Function],
    "render": [Function],
    "simulateEvent": [Function],
    "unmount": [Function],
  },
  Symbol(enzyme.__node__): Object {
    "instance": null,
    "key": undefined,
    "nodeType": "host",
    "props": Object {
      "children": Array [
        <h1>
          NICE Accounts
        </h1>,
        <IndexLink
          to="/"
        >
          Login
        </IndexLink>,
        " 路 ",
        <Link
          onlyActiveOnIndex={false}
          style={Object {}}
          to="/register"
        >
          Register
        </Link>,
      ],
    },
    "ref": null,
    "rendered": Array [
      Object {
        "instance": null,
        "key": undefined,
        "nodeType": "host",
        "props": Object {
          "children": "NICE Accounts",
        },
        "ref": null,
        "rendered": "NICE Accounts",
        "type": "h1",
      },
      Object {
        "instance": null,
        "key": undefined,
        "nodeType": "class",
        "props": Object {
          "activeClassName": undefined,
          "children": "Login",
          "to": "/",
        },
        "ref": null,
        "rendered": "Login",
        "type": [Function],
      },
      " 路 ",
      Object {
        "instance": null,
        "key": undefined,
        "nodeType": "class",
        "props": Object {
          "activeClassName": undefined,
          "children": "Register",
          "onlyActiveOnIndex": false,
          "style": Object {},
          "to": "/register",
        },
        "ref": null,
        "rendered": "Register",
        "type": [Function],
      },
    ],
    "type": "div",
  },
  Symbol(enzyme.__nodes__): Array [
    Object {
      "instance": null,
      "key": undefined,
      "nodeType": "host",
      "props": Object {
        "children": Array [
          <h1>
            NICE Accounts
          </h1>,
          <IndexLink
            to="/"
          >
            Login
          </IndexLink>,
          " 路 ",
          <Link
            onlyActiveOnIndex={false}
            style={Object {}}
            to="/register"
          >
            Register
          </Link>,
        ],
      },
      "ref": null,
      "rendered": Array [
        Object {
          "instance": null,
          "key": undefined,
          "nodeType": "host",
          "props": Object {
            "children": "NICE Accounts",
          },
          "ref": null,
          "rendered": "NICE Accounts",
          "type": "h1",
        },
        Object {
          "instance": null,
          "key": undefined,
          "nodeType": "class",
          "props": Object {
            "activeClassName": undefined,
            "children": "Login",
            "to": "/",
          },
          "ref": null,
          "rendered": "Login",
          "type": [Function],
        },
        " 路 ",
        Object {
          "instance": null,
          "key": undefined,
          "nodeType": "class",
          "props": Object {
            "activeClassName": undefined,
            "children": "Register",
            "onlyActiveOnIndex": false,
            "style": Object {},
            "to": "/register",
          },
          "ref": null,
          "rendered": "Register",
          "type": [Function],
        },
      ],
      "type": "div",
    },
  ],
  Symbol(enzyme.__options__): Object {
    "adapter": ReactFourteenAdapter {
      "options": Object {
        "legacyContextMode": "parent",
        "lifecycles": Object {
          "componentDidUpdate": Object {
            "prevContext": true,
          },
          "getChildContext": Object {
            "calledByRenderer": true,
          },
        },
        "supportPrevContextArgumentOfComponentDidUpdate": true,
      },
    },
  },
}
`;
