// Jest Snapshot v1, https://goo.gl/fbAQLP

exports[`ForgotPasswordSuccess components should render ForgotPasswordSuccess correctly 1`] = `ShallowWrapper {}`;
